<html>
<body>
<pre>
<h1>�Vision Build Log</h1>
<h2>Tool Versions:</h2>
IDE-Version: ��Vision V5.32.0.0
Copyright (C) 2020 ARM Ltd and ARM Germany GmbH. All rights reserved.
License Information: A MK, B, LIC=UJWP0-BZ202-2Z4W4-FIV5K-1TV5G-SD37B
 
Tool Versions:
Toolchain:       MDK-ARM Plus  Version: 5.32.0.0
Toolchain Path:  E:\Keil_v5\ARM\ARMCLANG\Bin
C Compiler:      ArmClang.exe V6.14.1
Assembler:       Armasm.exe V6.14.1
Linker/Locator:  ArmLink.exe V6.14.1
Library Manager: ArmAr.exe V6.14.1
Hex Converter:   FromElf.exe V6.14.1
CPU DLL:         SARMCM3.DLL V5.32.0.0
Dialog DLL:      DCM.DLL V1.17.3.0
Target DLL:      CMSIS_AGDI.dll V1.32.12.0
Dialog DLL:      TCM.DLL V1.46.0.0
 
<h2>Project:</h2>
E:\DXQ_FILES\DXQ\MDK-ARM\DXQ.uvprojx
Project File Date:  05/29/2021

<h2>Output:</h2>
*** Using Compiler 'V6.14.1', folder: 'E:\Keil_v5\ARM\ARMCLANG\Bin'
Build target 'DXQ'
compiling stm32f4xx_it.c...
compiling ESP01.c...
../Core/Src/freertos.c(822): warning: illegal character encoding in string literal [-Winvalid-source-encoding]
            GUI_DispStringHCenterAt("<B7><C0><BB>𡢷<C0><B5><C1>Զ\n<B3>̼<E0><B2><E2><C6><F7><C9><E8><BC><C6>",64,12);
                                     ^~~~~~~~~~~~  ~~~~~~~~~~~~
../Core/Src/freertos.c(822): warning: illegal character encoding in string literal [-Winvalid-source-encoding]
            GUI_DispStringHCenterAt("<B7><C0><BB>𡢷<C0><B5><C1>Զ\n<B3>̼<E0><B2><E2><C6><F7><C9><E8><BC><C6>",64,12);
                                                                  ^~~~~~~~~~~~~~~~~~~~~~~~~~~~~~~~~~~~~~~~
../Core/Src/freertos.c(829): warning: illegal character encoding in string literal [-Winvalid-source-encoding]
            GUI_DispStringAt("<B3><C9>Ա1<A3><BA><C0><EE><B3>к<B2>\n       18041817\n<B3><C9>Ա2<A3><BA><B7><EB><F4><D3>֮ \n       18041812",0,0);
                              ^~~~~~~~  ~~~~~~~~~~~~~~~~~~~~ ~~~~
../Core/Src/freertos.c(829): warning: illegal character encoding in string literal [-Winvalid-source-encoding]
            GUI_DispStringAt("<B3><C9>Ա1<A3><BA><C0><EE><B3>к<B2>\n       18041817\n<B3><C9>Ա2<A3><BA><B7><EB><F4><D3>֮ \n       18041812",0,0);
                                                                                    ^~~~~~~~  ~~~~~~~~~~~~~~~~~~~~~~~~
../Core/Src/freertos.c(850): warning: illegal character encoding in string literal [-Winvalid-source-encoding]
        GUI_DispStringAt("ʵʱ<BC><E0><B2><E2>",0,0);
                            ^~~~~~~~~~~~~~~~
../Core/Src/freertos.c(852): warning: illegal character encoding in string literal [-Winvalid-source-encoding]
        GUI_DispStringAt("<CA><FD><BE><DD><C7><FA><CF><DF>",0,13);
                          ^~~~~~~~~~~~~~~~~~~~~~~~~~~~~~~~
../Core/Src/freertos.c(853): warning: illegal character encoding in string literal [-Winvalid-source-encoding]
        GUI_DispStringAt("<CE><DE><CF><DF>ͨ<D0><C5>",0,26);
                          ^~~~~~~~~~~~~~~~~~~~~~~~
../Core/Src/freertos.c(854): warning: illegal character encoding in string literal [-Winvalid-source-encoding]
        GUI_DispStringAt("<B2><CE><CA><FD><C9><E8><D6><C3>",0,39);
                          ^~~~~~~~~~~~~~~~~~~~~~~~~~~~~~~~
../Core/Src/freertos.c(855): warning: illegal character encoding in string literal [-Winvalid-source-encoding]
        GUI_DispStringAt("K1<A6><E6>  K2<A1><B6> K3<A1><B7>  K4<A6><E7>",0,52);
                            ^~~~~~~~    ~~~~~~~~   ~~~~~~~~    ~~~~~~~~
../Core/Src/freertos.c(863): warning: illegal character encoding in string literal [-Winvalid-source-encoding]
        GUI_DispStringAt("<B5><B1>ǰ<CE>¶<C8>:",50,0);
                          ^~~~~~~~ ~~~~ ~~~~
../Core/Src/freertos.c(864): warning: illegal character encoding in string literal [-Winvalid-source-encoding]
        GUI_DispStringAt("<D5><U+36BF1><A8><BE><AF>:",50,26);
                          ^~~~         ~~~~~~~~~~~~
../Core/Src/freertos.c(865): warning: illegal character encoding in string literal [-Winvalid-source-encoding]
        sprintf(buf,"%.1f<A1><E6>",temp);
                         ^~~~~~~~
../Core/Src/freertos.c(867): warning: illegal character encoding in string literal [-Winvalid-source-encoding]
        GUI_DispStringAt(mpuwarn ? "<CA><C7>" : "<B7><F1>",90,39);
                                    ^~~~~~~~
../Core/Src/freertos.c(867): warning: illegal character encoding in string literal [-Winvalid-source-encoding]
        GUI_DispStringAt(mpuwarn ? "<CA><C7>" : "<B7><F1>",90,39);
                                                 ^~~~~~~~
../Core/Src/freertos.c(920): warning: illegal character encoding in string literal [-Winvalid-source-encoding]
        GUI_DispStringAt("ʵʱ<BC><E0><B2><E2>",0,0);       
                            ^~~~~~~~~~~~~~~~
../Core/Src/freertos.c(922): warning: illegal character encoding in string literal [-Winvalid-source-encoding]
        GUI_DispStringAt("<CA><FD><BE><DD><C7><FA><CF><DF>",0,13);
                          ^~~~~~~~~~~~~~~~~~~~~~~~~~~~~~~~
../Core/Src/freertos.c(924): warning: illegal character encoding in string literal [-Winvalid-source-encoding]
        GUI_DispStringAt("<CE><DE><CF><DF>ͨ<D0><C5>",0,26);
                          ^~~~~~~~~~~~~~~~~~~~~~~~
../Core/Src/freertos.c(925): warning: illegal character encoding in string literal [-Winvalid-source-encoding]
        GUI_DispStringAt("<B2><CE><CA><FD><C9><E8><D6><C3>",0,39);
                          ^~~~~~~~~~~~~~~~~~~~~~~~~~~~~~~~
../Core/Src/freertos.c(926): warning: illegal character encoding in string literal [-Winvalid-source-encoding]
        GUI_DispStringAt("K1<A6><E6>  K2<A1><B6> K3<A1><B7>  K4<A6><E7>",0,52);
                            ^~~~~~~~    ~~~~~~~~   ~~~~~~~~    ~~~~~~~~
../Core/Src/freertos.c(940): warning: illegal character encoding in string literal [-Winvalid-source-encoding]
                        sprintf(str,"<B8><A9><D1><F6><BD>ǣ<BA>%.1f",fAY);
                                     ^~~~~~~~~~~~~~~~~~~~ ~~~~
../Core/Src/freertos.c(947): warning: illegal character encoding in string literal [-Winvalid-source-encoding]
                        sprintf(str,"<BA><BD><CF><F2><BD>ǣ<BA>%.1f",fAZ);
                                     ^~~~~~~~~~~~~~~~~~~~ ~~~~
../Core/Src/freertos.c(954): warning: illegal character encoding in string literal [-Winvalid-source-encoding]
                        sprintf(str,"<CE>¶ȣ<BA>%.1f",temp);
                                     ^~~~  ~~~~
../Core/Src/freertos.c(970): warning: illegal character encoding in string literal [-Winvalid-source-encoding]
                        sprintf(str,"<BA><E1><B9><F6><BD>ǣ<BA>%.1f",fAX);
                                     ^~~~~~~~~~~~~~~~~~~~ ~~~~
../Core/Src/freertos.c(988): warning: illegal character encoding in string literal [-Winvalid-source-encoding]
        GUI_DispStringAt("ʵʱ<BC><E0><B2><E2>",0,0);
                            ^~~~~~~~~~~~~~~~
../Core/Src/freertos.c(989): warning: illegal character encoding in string literal [-Winvalid-source-encoding]
        GUI_DispStringAt("<CA><FD><BE><DD><C7><FA><CF><DF>",0,13);
                          ^~~~~~~~~~~~~~~~~~~~~~~~~~~~~~~~
../Core/Src/freertos.c(991): warning: illegal character encoding in string literal [-Winvalid-source-encoding]
        GUI_DispStringAt("<CE><DE><CF><DF>ͨ<D0><C5>",0,26);
                          ^~~~~~~~~~~~~~~~~~~~~~~~
../Core/Src/freertos.c(993): warning: illegal character encoding in string literal [-Winvalid-source-encoding]
        GUI_DispStringAt("<B2><CE><CA><FD><C9><E8><D6><C3>",0,39);
                          ^~~~~~~~~~~~~~~~~~~~~~~~~~~~~~~~
../Core/Src/freertos.c(994): warning: illegal character encoding in string literal [-Winvalid-source-encoding]
        GUI_DispStringAt("K1<A6><E6>  K2<A1><B6> K3<A1><B7>  K4<A6><E7>",0,52);
                            ^~~~~~~~    ~~~~~~~~   ~~~~~~~~    ~~~~~~~~
../Core/Src/freertos.c(998): warning: illegal character encoding in string literal [-Winvalid-source-encoding]
        sprintf(buf,"<B6>˿ڣ<BA>%d",TCP_PORT);
                     ^~~~  ~~~~
../Core/Src/freertos.c(1001): warning: illegal character encoding in string literal [-Winvalid-source-encoding]
        GUI_DispStringAt(g_bUping ? "<C9>ϴ<AB><D6><D0>":"δ<C9>ϴ<AB>",80,36);
                                     ^~~~ ~~~~~~~~~~~~
../Core/Src/freertos.c(1001): warning: illegal character encoding in string literal [-Winvalid-source-encoding]
        GUI_DispStringAt(g_bUping ? "<C9>ϴ<AB><D6><D0>":"δ<C9>ϴ<AB>",80,36);
                                                          ^~~~ ~~~~
../Core/Src/freertos.c(1015): warning: illegal character encoding in string literal [-Winvalid-source-encoding]
        GUI_DispStringAt("ʵʱ<BC><E0><B2><E2>",0,0);
                            ^~~~~~~~~~~~~~~~
../Core/Src/freertos.c(1016): warning: illegal character encoding in string literal [-Winvalid-source-encoding]
        GUI_DispStringAt("<CA><FD><BE><DD><C7><FA><CF><DF>",0,13);
                          ^~~~~~~~~~~~~~~~~~~~~~~~~~~~~~~~
../Core/Src/freertos.c(1017): warning: illegal character encoding in string literal [-Winvalid-source-encoding]
        GUI_DispStringAt("<CE><DE><CF><DF>ͨ<D0><C5>",0,26);
                          ^~~~~~~~~~~~~~~~~~~~~~~~
../Core/Src/freertos.c(1019): warning: illegal character encoding in string literal [-Winvalid-source-encoding]
        GUI_DispStringAt("<B2><CE><CA><FD><C9><E8><D6><C3>",0,39);
                          ^~~~~~~~~~~~~~~~~~~~~~~~~~~~~~~~
../Core/Src/freertos.c(1021): warning: illegal character encoding in string literal [-Winvalid-source-encoding]
        GUI_DispStringAt("K1<A6><E6>  K2<A1><B6> K3<A1><B7>  K4<A6><E7>",0,52);
                            ^~~~~~~~    ~~~~~~~~   ~~~~~~~~    ~~~~~~~~
../Core/Src/freertos.c(1026): warning: illegal character encoding in string literal [-Winvalid-source-encoding]
        GUI_DispStringAt("<CE>¶<C8><C9><CF><CF><DE>:",50,0);     
                          ^~~~ ~~~~~~~~~~~~~~~~~~~~
../Core/Src/freertos.c(1027): warning: illegal character encoding in string literal [-Winvalid-source-encoding]
        GUI_DispStringAt("<D5><F0><B6><AF><C1><E9><C3><F4><B6><C8>:",50,13);  
                          ^~~~~~~~~~~~~~~~~~~~~~~~~~~~~~~~~~~~~~~~
../Core/Src/freertos.c(1028): warning: illegal character encoding in string literal [-Winvalid-source-encoding]
        GUI_DispStringAt("<B1><A8><BE><AF>ʱ<B3><A4>:",50,26);            
                          ^~~~~~~~~~~~~~~~ ~~~~~~~~
../Core/Src/freertos.c(1029): warning: illegal character encoding in string literal [-Winvalid-source-encoding]
        GUI_DispStringAt("<C9>ϴ<AB><BC><E4><B8><F4>:",50,39);    
                          ^~~~ ~~~~~~~~~~~~~~~~~~~~
../Core/Src/freertos.c(1031): warning: illegal character encoding in string literal [-Winvalid-source-encoding]
        sprintf(buf,"%.0f<A1><E6>",tempLmt);
                         ^~~~~~~~
41 warnings generated.
compiling freertos.c...
linking...
Program Size: Code=56912 RO-data=28872 RW-data=96 ZI-data=63488  
FromELF: creating hex file...
"DXQ\DXQ.axf" - 0 Error(s), 41 Warning(s).

<h2>Software Packages used:</h2>

Package Vendor: ARM
                http://www.keil.com/pack/ARM.CMSIS.5.7.0.pack
                ARM.CMSIS.5.7.0
                CMSIS (Cortex Microcontroller Software Interface Standard)
   * Component: CORE Version: 5.4.0

Package Vendor: Keil
                http://www.keil.com/pack/Keil.STM32F4xx_DFP.2.15.0.pack
                Keil.STM32F4xx_DFP.2.15.0
                STMicroelectronics STM32F4 Series Device Support, Drivers and Examples

<h2>Collection of Component include folders:</h2>
  .\RTE\_DXQ
  E:\Keil_v5\Arm\Packs\ARM\CMSIS\5.7.0\CMSIS\Core\Include
  E:\Keil_v5\Arm\Packs\Keil\STM32F4xx_DFP\2.15.0\Drivers\CMSIS\Device\ST\STM32F4xx\Include

<h2>Collection of Component Files used:</h2>

   * Component: ARM::CMSIS:CORE:5.4.0
Build Time Elapsed:  00:00:02
</pre>
</body>
</html>
